Enter password: *******
Welcome to the MySQL monitor.  Commands end with ; or \g.
Your MySQL connection id is 9
Server version: 8.0.22 MySQL Community Server - GPL

Copyright (c) 2000, 2020, Oracle and/or its affiliates. All rights reserved.

Oracle is a registered trademark of Oracle Corporation and/or its
affiliates. Other names may be trademarks of their respective
owners.

Type 'help;' or '\h' for help. Type '\c' to clear the current input statement.

mysql> use acts0923
Database changed
mysql> create table mytable
    -> (myid int,
    -> fname varchar(20));
Query OK, 0 rows affected (0.03 sec)

mysql> alter table mytable
    -> add lanme varchar(20);
Query OK, 0 rows affected (0.02 sec)
Records: 0  Duplicates: 0  Warnings: 0

mysql> desc mytable;
+-------+-------------+------+-----+---------+-------+
| Field | Type        | Null | Key | Default | Extra |
+-------+-------------+------+-----+---------+-------+
| myid  | int         | YES  |     | NULL    |       |
| fname | varchar(20) | YES  |     | NULL    |       |
| lanme | varchar(20) | YES  |     | NULL    |       |
+-------+-------------+------+-----+---------+-------+
3 rows in set (0.02 sec)

mysql> insert into mytable(1,'rajesh','Joshi');
ERROR 1064 (42000): You have an error in your SQL syntax; check the manual that corresponds to your MySQL server version for the right syntax to use near '1,'rajesh','Joshi')' at line 1
mysql> insert into mytable values(1,'rajesh','Joshi');
Query OK, 1 row affected (0.00 sec)

mysql> insert into mytable values(2,'deepa','Joshi');
Query OK, 1 row affected (0.00 sec)

mysql> select * from mytable;
+------+--------+-------+
| myid | fname  | lanme |
+------+--------+-------+
|    1 | rajesh | Joshi |
|    2 | deepa  | Joshi |
+------+--------+-------+
2 rows in set (0.00 sec)

mysql> alter table mytable
    -> add mname varchar(20) not null;
Query OK, 0 rows affected (0.01 sec)
Records: 0  Duplicates: 0  Warnings: 0

mysql> select * from mytable;
+------+--------+-------+-------+
| myid | fname  | lanme | mname |
+------+--------+-------+-------+
|    1 | rajesh | Joshi |       |
|    2 | deepa  | Joshi |       |
+------+--------+-------+-------+
2 rows in set (0.00 sec)

mysql> update mytable
    -> set mname='mohan';
Query OK, 2 rows affected (0.00 sec)
Rows matched: 2  Changed: 2  Warnings: 0

mysql> select * from mytable;
+------+--------+-------+-------+
| myid | fname  | lanme | mname |
+------+--------+-------+-------+
|    1 | rajesh | Joshi | mohan |
|    2 | deepa  | Joshi | mohan |
+------+--------+-------+-------+
2 rows in set (0.00 sec)

mysql> desc mytable;
+-------+-------------+------+-----+---------+-------+
| Field | Type        | Null | Key | Default | Extra |
+-------+-------------+------+-----+---------+-------+
| myid  | int         | YES  |     | NULL    |       |
| fname | varchar(20) | YES  |     | NULL    |       |
| lanme | varchar(20) | YES  |     | NULL    |       |
| mname | varchar(20) | NO   |     | NULL    |       |
+-------+-------------+------+-----+---------+-------+
4 rows in set (0.00 sec)

mysql> Alter table mytable
    -> Modify mname varchar(50) not null
    -> ;
Query OK, 0 rows affected (0.01 sec)
Records: 0  Duplicates: 0  Warnings: 0

mysql> desc mytable;
+-------+-------------+------+-----+---------+-------+
| Field | Type        | Null | Key | Default | Extra |
+-------+-------------+------+-----+---------+-------+
| myid  | int         | YES  |     | NULL    |       |
| fname | varchar(20) | YES  |     | NULL    |       |
| lanme | varchar(20) | YES  |     | NULL    |       |
| mname | varchar(50) | NO   |     | NULL    |       |
+-------+-------------+------+-----+---------+-------+
4 rows in set (0.00 sec)

mysql> Alter table mytable
    -> Change fname firstname varchar(30)
    -> ;
Query OK, 0 rows affected (0.01 sec)
Records: 0  Duplicates: 0  Warnings: 0

mysql> desc mytable
    -> ;
+-----------+-------------+------+-----+---------+-------+
| Field     | Type        | Null | Key | Default | Extra |
+-----------+-------------+------+-----+---------+-------+
| myid      | int         | YES  |     | NULL    |       |
| firstname | varchar(30) | YES  |     | NULL    |       |
| lanme     | varchar(20) | YES  |     | NULL    |       |
| mname     | varchar(50) | NO   |     | NULL    |       |
+-----------+-------------+------+-----+---------+-------+
4 rows in set (0.00 sec)

mysql> Alter table mytable
    -> Drop column lname
    -> ;
ERROR 1091 (42000): Can't DROP 'lname'; check that column/key exists
mysql> Alter table mytable
    -> Drop column lanme
    -> ;
Query OK, 0 rows affected (0.04 sec)
Records: 0  Duplicates: 0  Warnings: 0

mysql> show create table student_marks;
+---------------+------------------------------------------------------------------------------------------------------------------------------------------------------------------------------------------------------------------------------------------------------------------------------------------------------------------------------------------------------------------------------------------------------------------------------------------------+
| Table         | Create Table                                                                                                                                                                                                                                                                                                                                                                                                                                   |
+---------------+------------------------------------------------------------------------------------------------------------------------------------------------------------------------------------------------------------------------------------------------------------------------------------------------------------------------------------------------------------------------------------------------------------------------------------------------+
| student_marks | CREATE TABLE `student_marks` (
  `sid` int NOT NULL,
  `cr_name` varchar(30) NOT NULL,
  `marks` int DEFAULT NULL,
  PRIMARY KEY (`sid`,`cr_name`),
  KEY `fk_cname` (`cr_name`),
  CONSTRAINT `fk_cname` FOREIGN KEY (`cr_name`) REFERENCES `course` (`cname`),
  CONSTRAINT `fk_sid` FOREIGN KEY (`sid`) REFERENCES `student` (`sid`) ON DELETE CASCADE ON UPDATE CASCADE
) ENGINE=InnoDB DEFAULT CHARSET=utf8mb4 COLLATE=utf8mb4_0900_ai_ci |
+---------------+------------------------------------------------------------------------------------------------------------------------------------------------------------------------------------------------------------------------------------------------------------------------------------------------------------------------------------------------------------------------------------------------------------------------------------------------+
1 row in set (0.00 sec)

mysql> select COLUMN_NAME, CONSTRAINT_NAME, REFERENCED_COLUMN_NAME, REFERENCED_TABLE_NAME
    -> from information_schema.KEY_COLUMN_USAGE
    -> where TABLE_NAME = 'student_marks;
    '> ';
Empty set (0.01 sec)

mysql> select COLUMN_NAME, CONSTRAINT_NAME, REFERENCED_COLUMN_NAME, REFERENCED_TABLE_NAME
    -> from information_schema.KEY_COLUMN_USAGE
    -> where TABLE_NAME = 'student_marks';
+-------------+-----------------+------------------------+-----------------------+
| COLUMN_NAME | CONSTRAINT_NAME | REFERENCED_COLUMN_NAME | REFERENCED_TABLE_NAME |
+-------------+-----------------+------------------------+-----------------------+
| sid         | PRIMARY         | NULL                   | NULL                  |
| cr_name     | PRIMARY         | NULL                   | NULL                  |
| cr_name     | fk_cname        | cname                  | course                |
| sid         | fk_sid          | sid                    | student               |
+-------------+-----------------+------------------------+-----------------------+
4 rows in set (0.01 sec)

mysql> select COLUMN_NAME, CONSTRAINT_NAME, REFERENCED_COLUMN_NAME, REFERENCED_TABLE_NAME
    -> from information_schema.KEY_COLUMN_USAGE
    -> where TABLE_NAME = 'mytable'
    -> ;
+-------------+-----------------+------------------------+-----------------------+
| COLUMN_NAME | CONSTRAINT_NAME | REFERENCED_COLUMN_NAME | REFERENCED_TABLE_NAME |
+-------------+-----------------+------------------------+-----------------------+
| name        | name            | NULL                   | NULL                  |
| Id          | PRIMARY         | NULL                   | NULL                  |
+-------------+-----------------+------------------------+-----------------------+
2 rows in set (0.00 sec)

mysql> alter table mytable
    -> drop primary key;
ERROR 1091 (42000): Can't DROP 'PRIMARY'; check that column/key exists
mysql> desc mytable;
+-----------+-------------+------+-----+---------+-------+
| Field     | Type        | Null | Key | Default | Extra |
+-----------+-------------+------+-----+---------+-------+
| myid      | int         | YES  |     | NULL    |       |
| firstname | varchar(30) | YES  |     | NULL    |       |
| mname     | varchar(50) | NO   |     | NULL    |       |
+-----------+-------------+------+-----+---------+-------+
3 rows in set (0.00 sec)

mysql> desc student
    -> ;
+--------+-------------+------+-----+---------+-------+
| Field  | Type        | Null | Key | Default | Extra |
+--------+-------------+------+-----+---------+-------+
| sid    | int         | NO   | PRI | NULL    |       |
| sname  | varchar(30) | NO   |     | NULL    |       |
| mobile | int         | YES  | UNI | NULL    |       |
+--------+-------------+------+-----+---------+-------+
3 rows in set (0.00 sec)

mysql> select COLUMN_NAME, CONSTRAINT_NAME, REFERENCED_COLUMN_NAME, REFERENCED_TABLE_NAME
    -> from information_schema.KEY_COLUMN_USAGE
    -> where TABLE_NAME =
    -> 'student';
+-------------+-----------------+------------------------+-----------------------+
| COLUMN_NAME | CONSTRAINT_NAME | REFERENCED_COLUMN_NAME | REFERENCED_TABLE_NAME |
+-------------+-----------------+------------------------+-----------------------+
| mobile      | mobile          | NULL                   | NULL                  |
| sid         | PRIMARY         | NULL                   | NULL                  |
| Sid         | PRIMARY         | NULL                   | NULL                  |
| Studid      | PRIMARY         | NULL                   | NULL                  |
| sid         | PRIMARY         | NULL                   | NULL                  |
| studid      | PRIMARY         | NULL                   | NULL                  |
| cid         | student_ibfk_1  | courseid               | course                |
| sid         | PRIMARY         | NULL                   | NULL                  |
| id          | PRIMARY         | NULL                   | NULL                  |
| sid         | PRIMARY         | NULL                   | NULL                  |
+-------------+-----------------+------------------------+-----------------------+
10 rows in set (0.00 sec)

mysql> select COLUMN_NAME, CONSTRAINT_NAME, REFERENCED_COLUMN_NAME, REFERENCED_TABLE_NAME
    -> from information_schema.KEY_COLUMN_USAGE
    -> where TABLE_NAME = 'acts0923.student';
Empty set (0.00 sec)

mysql> desc information_schema.KEY_COLUMN_USAGE;
+-------------------------------+--------------+------+-----+---------+-------+
| Field                         | Type         | Null | Key | Default | Extra |
+-------------------------------+--------------+------+-----+---------+-------+
| CONSTRAINT_CATALOG            | varchar(64)  | YES  |     | NULL    |       |
| CONSTRAINT_SCHEMA             | varchar(64)  | YES  |     | NULL    |       |
| CONSTRAINT_NAME               | varchar(64)  | YES  |     | NULL    |       |
| TABLE_CATALOG                 | varchar(64)  | YES  |     | NULL    |       |
| TABLE_SCHEMA                  | varchar(64)  | YES  |     | NULL    |       |
| TABLE_NAME                    | varchar(64)  | YES  |     | NULL    |       |
| COLUMN_NAME                   | varchar(64)  | YES  |     | NULL    |       |
| ORDINAL_POSITION              | int unsigned | NO   |     | 0       |       |
| POSITION_IN_UNIQUE_CONSTRAINT | int unsigned | YES  |     | NULL    |       |
| REFERENCED_TABLE_SCHEMA       | varchar(64)  | YES  |     | NULL    |       |
| REFERENCED_TABLE_NAME         | varchar(64)  | YES  |     | NULL    |       |
| REFERENCED_COLUMN_NAME        | varchar(64)  | YES  |     | NULL    |       |
+-------------------------------+--------------+------+-----+---------+-------+
12 rows in set (0.00 sec)

mysql> select COLUMN_NAME, CONSTRAINT_NAME, REFERENCED_COLUMN_NAME, REFERENCED_TABLE_NAME,table_schema
    -> from information_schema.KEY_COLUMN_USAGE
    -> where TABLE_NAME = 'student' and table_schema='acts0923';
+-------------+-----------------+------------------------+-----------------------+--------------+
| COLUMN_NAME | CONSTRAINT_NAME | REFERENCED_COLUMN_NAME | REFERENCED_TABLE_NAME | TABLE_SCHEMA |
+-------------+-----------------+------------------------+-----------------------+--------------+
| mobile      | mobile          | NULL                   | NULL                  | acts0923     |
| sid         | PRIMARY         | NULL                   | NULL                  | acts0923     |
+-------------+-----------------+------------------------+-----------------------+--------------+
2 rows in set (0.00 sec)

mysql> select COLUMN_NAME, CONSTRAINT_NAME, REFERENCED_COLUMN_NAME, REFERENCED_TABLE_NAME,table_schema
    -> from information_schema.KEY_COLUMN_USAGE
    -> where TABLE_NAME = 'student';
+-------------+-----------------+------------------------+-----------------------+--------------+
| COLUMN_NAME | CONSTRAINT_NAME | REFERENCED_COLUMN_NAME | REFERENCED_TABLE_NAME | TABLE_SCHEMA |
+-------------+-----------------+------------------------+-----------------------+--------------+
| mobile      | mobile          | NULL                   | NULL                  | acts0923     |
| sid         | PRIMARY         | NULL                   | NULL                  | acts0923     |
| Sid         | PRIMARY         | NULL                   | NULL                  | dacmarch23   |
| Studid      | PRIMARY         | NULL                   | NULL                  | iacsd0923    |
| sid         | PRIMARY         | NULL                   | NULL                  | iacsd2111    |
| studid      | PRIMARY         | NULL                   | NULL                  | iacsdmar22   |
| cid         | student_ibfk_1  | courseid               | course                | iacsdmar22   |
| sid         | PRIMARY         | NULL                   | NULL                  | knowit2111   |
| id          | PRIMARY         | NULL                   | NULL                  | spring       |
| sid         | PRIMARY         | NULL                   | NULL                  | test         |
+-------------+-----------------+------------------------+-----------------------+--------------+
10 rows in set (0.00 sec)

mysql> select COLUMN_NAME, CONSTRAINT_NAME, REFERENCED_COLUMN_NAME, REFERENCED_TABLE_NAME,table_schema
    -> from information_schema.KEY_COLUMN_USAGE
    -> where TABLE_NAME = 'mytable' and table_schema='acts0923';
Empty set (0.00 sec)

mysql> desc mytable;
+-----------+-------------+------+-----+---------+-------+
| Field     | Type        | Null | Key | Default | Extra |
+-----------+-------------+------+-----+---------+-------+
| myid      | int         | YES  |     | NULL    |       |
| firstname | varchar(30) | YES  |     | NULL    |       |
| mname     | varchar(50) | NO   |     | NULL    |       |
+-----------+-------------+------+-----+---------+-------+
3 rows in set (0.00 sec)

mysql> alter table mytable
    -> add primary key(myid);
Query OK, 0 rows affected (0.04 sec)
Records: 0  Duplicates: 0  Warnings: 0

mysql> desc mytable;
+-----------+-------------+------+-----+---------+-------+
| Field     | Type        | Null | Key | Default | Extra |
+-----------+-------------+------+-----+---------+-------+
| myid      | int         | NO   | PRI | NULL    |       |
| firstname | varchar(30) | YES  |     | NULL    |       |
| mname     | varchar(50) | NO   |     | NULL    |       |
+-----------+-------------+------+-----+---------+-------+
3 rows in set (0.00 sec)

mysql> select COLUMN_NAME, CONSTRAINT_NAME, REFERENCED_COLUMN_NAME, REFERENCED_TABLE_NAME,table_schema
    -> from information_schema.KEY_COLUMN_USAGE
    -> where TABLE_NAME = 'mytable' and table_schema='acts0923';
+-------------+-----------------+------------------------+-----------------------+--------------+
| COLUMN_NAME | CONSTRAINT_NAME | REFERENCED_COLUMN_NAME | REFERENCED_TABLE_NAME | TABLE_SCHEMA |
+-------------+-----------------+------------------------+-----------------------+--------------+
| myid        | PRIMARY         | NULL                   | NULL                  | acts0923     |
+-------------+-----------------+------------------------+-----------------------+--------------+
1 row in set (0.00 sec)

mysql> alter table mytable
    -> drop primary key;
Query OK, 2 rows affected (0.04 sec)
Records: 2  Duplicates: 0  Warnings: 0

mysql> desc mytable;
+-----------+-------------+------+-----+---------+-------+
| Field     | Type        | Null | Key | Default | Extra |
+-----------+-------------+------+-----+---------+-------+
| myid      | int         | NO   |     | NULL    |       |
| firstname | varchar(30) | YES  |     | NULL    |       |
| mname     | varchar(50) | NO   |     | NULL    |       |
+-----------+-------------+------+-----+---------+-------+
3 rows in set (0.00 sec)

mysql> select COLUMN_NAME, CONSTRAINT_NAME, REFERENCED_COLUMN_NAME, REFERENCED_TABLE_NAME,table_schema
    -> from information_schema.KEY_COLUMN_USAGE
    -> where TABLE_NAME = 'mytable' and table_schema='acts0923';
Empty set (0.00 sec)

mysql> select COLUMN_NAME, CONSTRAINT_NAME, REFERENCED_COLUMN_NAME, REFERENCED_TABLE_NAME,table_schema
    -> from information_schema.KEY_COLUMN_USAGE
    -> where TABLE_NAME = 'student_marks' and table_schema='acts0923'
    -> ;
+-------------+-----------------+------------------------+-----------------------+--------------+
| COLUMN_NAME | CONSTRAINT_NAME | REFERENCED_COLUMN_NAME | REFERENCED_TABLE_NAME | TABLE_SCHEMA |
+-------------+-----------------+------------------------+-----------------------+--------------+
| sid         | PRIMARY         | NULL                   | NULL                  | acts0923     |
| cr_name     | PRIMARY         | NULL                   | NULL                  | acts0923     |
| cr_name     | fk_cname        | cname                  | course                | acts0923     |
| sid         | fk_sid          | sid                    | student               | acts0923     |
+-------------+-----------------+------------------------+-----------------------+--------------+
4 rows in set (0.00 sec)

mysql> alter table mytable
    -> drop foreign key fk_cname;
ERROR 1091 (42000): Can't DROP 'fk_cname'; check that column/key exists
mysql> alter table student_marks
    -> drop foreign key fk_cname;
Query OK, 0 rows affected (0.01 sec)
Records: 0  Duplicates: 0  Warnings: 0

mysql> select COLUMN_NAME, CONSTRAINT_NAME, REFERENCED_COLUMN_NAME, REFERENCED_TABLE_NAME,table_schema
    -> from information_schema.KEY_COLUMN_USAGE
    -> where TABLE_NAME = 'student_marks' and table_schema='acts0923'
    -> ;
+-------------+-----------------+------------------------+-----------------------+--------------+
| COLUMN_NAME | CONSTRAINT_NAME | REFERENCED_COLUMN_NAME | REFERENCED_TABLE_NAME | TABLE_SCHEMA |
+-------------+-----------------+------------------------+-----------------------+--------------+
| sid         | PRIMARY         | NULL                   | NULL                  | acts0923     |
| cr_name     | PRIMARY         | NULL                   | NULL                  | acts0923     |
| sid         | fk_sid          | sid                    | student               | acts0923     |
+-------------+-----------------+------------------------+-----------------------+--------------+
3 rows in set (0.00 sec)

mysql> alter table student_marks
    -> add constraint f_cname foreign key(cr_name) references course(cname) on delete cascade on update cascade;
Query OK, 2 rows affected (0.09 sec)
Records: 2  Duplicates: 0  Warnings: 0

mysql> select COLUMN_NAME, CONSTRAINT_NAME, REFERENCED_COLUMN_NAME, REFERENCED_TABLE_NAME,table_schema
    -> from information_schema.KEY_COLUMN_USAGE
    -> where TABLE_NAME = 'student_marks' and table_schema='acts0923'
    -> ;
+-------------+-----------------+------------------------+-----------------------+--------------+
| COLUMN_NAME | CONSTRAINT_NAME | REFERENCED_COLUMN_NAME | REFERENCED_TABLE_NAME | TABLE_SCHEMA |
+-------------+-----------------+------------------------+-----------------------+--------------+
| sid         | PRIMARY         | NULL                   | NULL                  | acts0923     |
| cr_name     | PRIMARY         | NULL                   | NULL                  | acts0923     |
| sid         | fk_sid          | sid                    | student               | acts0923     |
| cr_name     | f_cname         | cname                  | course                | acts0923     |
+-------------+-----------------+------------------------+-----------------------+--------------+
4 rows in set (0.00 sec)

mysql> alter table mytable
    -> rename to mytab;
Query OK, 0 rows affected (0.01 sec)

mysql> select * from mytable;
ERROR 1146 (42S02): Table 'acts0923.mytable' doesn't exist
mysql> select * from mytab;
+------+-----------+-------+
| myid | firstname | mname |
+------+-----------+-------+
|    1 | rajesh    | mohan |
|    2 | deepa     | mohan |
+------+-----------+-------+
2 rows in set (0.00 sec)

mysql> set autocommit=0;
Query OK, 0 rows affected (0.00 sec)

mysql> insert into mytab values(3,'Ashu','sanjay');
Query OK, 1 row affected (0.00 sec)

mysql> insert into mytab values(4,'Atharva','Ajay');
Query OK, 1 row affected (0.00 sec)

mysql> select * from mytab;
+------+-----------+--------+
| myid | firstname | mname  |
+------+-----------+--------+
|    1 | rajesh    | mohan  |
|    2 | deepa     | mohan  |
|    3 | Ashu      | sanjay |
|    4 | Atharva   | Ajay   |
+------+-----------+--------+
4 rows in set (0.00 sec)

mysql> commit;
Query OK, 0 rows affected (0.00 sec)

mysql> delete from mytab where mname='sanjay';
Query OK, 1 row affected (0.00 sec)

mysql> savepoint
    -> ;
ERROR 1064 (42000): You have an error in your SQL syntax; check the manual that corresponds to your MySQL server version for the right syntax to use near '' at line 1
mysql> savepoint A;
Query OK, 0 rows affected (0.00 sec)

mysql> select * from mytab;
+------+-----------+-------+
| myid | firstname | mname |
+------+-----------+-------+
|    1 | rajesh    | mohan |
|    2 | deepa     | mohan |
|    4 | Atharva   | Ajay  |
+------+-----------+-------+
3 rows in set (0.00 sec)

mysql> update mytab
    -> set mname='Anant'
    -> where mname='mohan';
Query OK, 2 rows affected (0.00 sec)
Rows matched: 2  Changed: 2  Warnings: 0

mysql> select * from mytab;
+------+-----------+-------+
| myid | firstname | mname |
+------+-----------+-------+
|    1 | rajesh    | Anant |
|    2 | deepa     | Anant |
|    4 | Atharva   | Ajay  |
+------+-----------+-------+
3 rows in set (0.00 sec)

mysql> rollback to A;
Query OK, 0 rows affected (0.00 sec)

mysql> select * from mytab;
+------+-----------+-------+
| myid | firstname | mname |
+------+-----------+-------+
|    1 | rajesh    | mohan |
|    2 | deepa     | mohan |
|    4 | Atharva   | Ajay  |
+------+-----------+-------+
3 rows in set (0.00 sec)

mysql> commit;
Query OK, 0 rows affected (0.00 sec)

mysql> select * from mytab;
+------+-----------+-------+
| myid | firstname | mname |
+------+-----------+-------+
|    1 | rajesh    | mohan |
|    2 | deepa     | mohan |
|    4 | Atharva   | Ajay  |
+------+-----------+-------+
3 rows in set (0.00 sec)

mysql> set autocommit=1;
Query OK, 0 rows affected (0.00 sec)

mysql> set autocommit=0;
Query OK, 0 rows affected (0.00 sec)

mysql> select * from mytab;
+------+-----------+-------+
| myid | firstname | mname |
+------+-----------+-------+
|    1 | rajesh    | mohan |
|    2 | deepa     | mohan |
|    4 | Atharva   | Ajay  |
+------+-----------+-------+
3 rows in set (0.00 sec)

mysql> delete from mytab;
Query OK, 3 rows affected (0.00 sec)

mysql> select * from mytab;
Empty set (0.00 sec)

mysql> rollback;
Query OK, 0 rows affected (0.00 sec)

mysql> select * from mytab;
+------+-----------+-------+
| myid | firstname | mname |
+------+-----------+-------+
|    1 | rajesh    | mohan |
|    2 | deepa     | mohan |
|    4 | Atharva   | Ajay  |
+------+-----------+-------+
3 rows in set (0.00 sec)

mysql> truncate table mytab;
Query OK, 0 rows affected (0.03 sec)

mysql> select * from mytab;
Empty set (0.00 sec)

mysql> rollback;
Query OK, 0 rows affected (0.00 sec)

mysql> select * from mytab;
Empty set (0.00 sec)

mysql> Select *
    -> From emp
    -> Where sal > any (select sal from emp where ename in ('SMITH','BLAKE');
ERROR 1064 (42000): You have an error in your SQL syntax; check the manual that corresponds to your MySQL server version for the right syntax to use near '' at line 3
mysql> Select *
    -> From emp
    -> Where sal > any (select sal from emp where ename in ('SMITH','BLAKE'));
+-------+--------+-----------+------+------------+---------+---------+--------+
| EMPNO | ENAME  | JOB       | MGR  | HIREDATE   | SAL     | COMM    | DEPTNO |
+-------+--------+-----------+------+------------+---------+---------+--------+
|  7499 | ALLEN  | SALESMAN  | 7698 | 1981-02-20 | 1600.00 |  300.00 |     30 |
|  7521 | WARD   | SALESMAN  | 7698 | 1981-02-22 | 1250.00 |  500.00 |     30 |
|  7566 | JONES  | MANAGER   | 7839 | 1981-04-02 | 2975.00 |    NULL |     20 |
|  7654 | MARTIN | SALESMAN  | 7698 | 1981-09-28 | 1250.00 | 1400.00 |     30 |
|  7698 | BLAKE  | MANAGER   | 7839 | 1981-05-01 | 2850.00 |    NULL |     30 |
|  7782 | CLARK  | MANAGER   | 7839 | 1981-06-09 | 2450.00 |    NULL |     10 |
|  7788 | SCOTT  | ANALYST   | 7566 | 1982-12-09 | 3000.00 |    NULL |     20 |
|  7839 | KING   | PRESIDENT | NULL | 1981-11-17 | 5000.00 |    NULL |     10 |
|  7844 | TURNER | SALESMAN  | 7698 | 1981-09-08 | 1500.00 |    0.00 |     30 |
|  7876 | ADAMS  | CLERK     | 7788 | 1983-01-12 | 1100.00 |    NULL |     20 |
|  7900 | JAMES  | CLERK     | 7698 | 1981-12-03 |  950.00 |    NULL |     30 |
|  7902 | FORD   | ANALYST   | 7566 | 1981-12-03 | 3000.00 |    NULL |     20 |
|  7934 | MILLER | CLERK     | 7782 | 1982-01-23 | 1300.00 |    NULL |     10 |
+-------+--------+-----------+------+------------+---------+---------+--------+
13 rows in set (0.00 sec)

mysql> create table myemp
    -> as
    -> select * from emp where 2=3;
Query OK, 0 rows affected (0.07 sec)
Records: 0  Duplicates: 0  Warnings: 0

mysql> desc myemp;
+----------+--------------+------+-----+---------+-------+
| Field    | Type         | Null | Key | Default | Extra |
+----------+--------------+------+-----+---------+-------+
| EMPNO    | int          | NO   |     | NULL    |       |
| ENAME    | varchar(10)  | YES  |     | NULL    |       |
| JOB      | varchar(9)   | YES  |     | NULL    |       |
| MGR      | int          | YES  |     | NULL    |       |
| HIREDATE | date         | YES  |     | NULL    |       |
| SAL      | decimal(7,2) | YES  |     | NULL    |       |
| COMM     | decimal(7,2) | YES  |     | NULL    |       |
| DEPTNO   | int          | YES  |     | NULL    |       |
+----------+--------------+------+-----+---------+-------+
8 rows in set (0.01 sec)

mysql> select * from myemp;
Empty set (0.00 sec)

mysql> select * from emp;
+-------+--------+-----------+------+------------+---------+---------+--------+
| EMPNO | ENAME  | JOB       | MGR  | HIREDATE   | SAL     | COMM    | DEPTNO |
+-------+--------+-----------+------+------------+---------+---------+--------+
|  7369 | SMITH  | CLERK     | 7902 | 1980-12-17 |  800.00 |    NULL |     20 |
|  7499 | ALLEN  | SALESMAN  | 7698 | 1981-02-20 | 1600.00 |  300.00 |     30 |
|  7521 | WARD   | SALESMAN  | 7698 | 1981-02-22 | 1250.00 |  500.00 |     30 |
|  7566 | JONES  | MANAGER   | 7839 | 1981-04-02 | 2975.00 |    NULL |     20 |
|  7654 | MARTIN | SALESMAN  | 7698 | 1981-09-28 | 1250.00 | 1400.00 |     30 |
|  7698 | BLAKE  | MANAGER   | 7839 | 1981-05-01 | 2850.00 |    NULL |     30 |
|  7782 | CLARK  | MANAGER   | 7839 | 1981-06-09 | 2450.00 |    NULL |     10 |
|  7788 | SCOTT  | ANALYST   | 7566 | 1982-12-09 | 3000.00 |    NULL |     20 |
|  7839 | KING   | PRESIDENT | NULL | 1981-11-17 | 5000.00 |    NULL |     10 |
|  7844 | TURNER | SALESMAN  | 7698 | 1981-09-08 | 1500.00 |    0.00 |     30 |
|  7876 | ADAMS  | CLERK     | 7788 | 1983-01-12 | 1100.00 |    NULL |     20 |
|  7900 | JAMES  | CLERK     | 7698 | 1981-12-03 |  950.00 |    NULL |     30 |
|  7902 | FORD   | ANALYST   | 7566 | 1981-12-03 | 3000.00 |    NULL |     20 |
|  7934 | MILLER | CLERK     | 7782 | 1982-01-23 | 1300.00 |    NULL |     10 |
+-------+--------+-----------+------+------------+---------+---------+--------+
14 rows in set (0.00 sec)

mysql> Update emp
    -> Set sal=(select sal from (select * from emp) e where e.ename='MILLER')
    -> Where ename='SMITH'
    -> )
    -> ;
ERROR 1064 (42000): You have an error in your SQL syntax; check the manual that corresponds to your MySQL server version for the right syntax to use near ')' at line 4
mysql> Update emp
    -> Set sal=(select sal from (select * from emp) e where e.ename='MILLER')
    -> Where ename='SMITH';
Query OK, 1 row affected (0.00 sec)
Rows matched: 1  Changed: 1  Warnings: 0

mysql> select * from emp;
+-------+--------+-----------+------+------------+---------+---------+--------+
| EMPNO | ENAME  | JOB       | MGR  | HIREDATE   | SAL     | COMM    | DEPTNO |
+-------+--------+-----------+------+------------+---------+---------+--------+
|  7369 | SMITH  | CLERK     | 7902 | 1980-12-17 | 1300.00 |    NULL |     20 |
|  7499 | ALLEN  | SALESMAN  | 7698 | 1981-02-20 | 1600.00 |  300.00 |     30 |
|  7521 | WARD   | SALESMAN  | 7698 | 1981-02-22 | 1250.00 |  500.00 |     30 |
|  7566 | JONES  | MANAGER   | 7839 | 1981-04-02 | 2975.00 |    NULL |     20 |
|  7654 | MARTIN | SALESMAN  | 7698 | 1981-09-28 | 1250.00 | 1400.00 |     30 |
|  7698 | BLAKE  | MANAGER   | 7839 | 1981-05-01 | 2850.00 |    NULL |     30 |
|  7782 | CLARK  | MANAGER   | 7839 | 1981-06-09 | 2450.00 |    NULL |     10 |
|  7788 | SCOTT  | ANALYST   | 7566 | 1982-12-09 | 3000.00 |    NULL |     20 |
|  7839 | KING   | PRESIDENT | NULL | 1981-11-17 | 5000.00 |    NULL |     10 |
|  7844 | TURNER | SALESMAN  | 7698 | 1981-09-08 | 1500.00 |    0.00 |     30 |
|  7876 | ADAMS  | CLERK     | 7788 | 1983-01-12 | 1100.00 |    NULL |     20 |
|  7900 | JAMES  | CLERK     | 7698 | 1981-12-03 |  950.00 |    NULL |     30 |
|  7902 | FORD   | ANALYST   | 7566 | 1981-12-03 | 3000.00 |    NULL |     20 |
|  7934 | MILLER | CLERK     | 7782 | 1982-01-23 | 1300.00 |    NULL |     10 |
+-------+--------+-----------+------+------------+---------+---------+--------+
14 rows in set (0.00 sec)

mysql> select * from emp
    -> where sal>(;
ERROR 1064 (42000): You have an error in your SQL syntax; check the manual that corresponds to your MySQL server version for the right syntax to use near '' at line 2
mysql> select * from emp e
    -> where sal>(select avg(sal) from emp m where m.deptno=e.deptno);
+-------+-------+-----------+------+------------+---------+--------+--------+
| EMPNO | ENAME | JOB       | MGR  | HIREDATE   | SAL     | COMM   | DEPTNO |
+-------+-------+-----------+------+------------+---------+--------+--------+
|  7499 | ALLEN | SALESMAN  | 7698 | 1981-02-20 | 1600.00 | 300.00 |     30 |
|  7566 | JONES | MANAGER   | 7839 | 1981-04-02 | 2975.00 |   NULL |     20 |
|  7698 | BLAKE | MANAGER   | 7839 | 1981-05-01 | 2850.00 |   NULL |     30 |
|  7788 | SCOTT | ANALYST   | 7566 | 1982-12-09 | 3000.00 |   NULL |     20 |
|  7839 | KING  | PRESIDENT | NULL | 1981-11-17 | 5000.00 |   NULL |     10 |
|  7902 | FORD  | ANALYST   | 7566 | 1981-12-03 | 3000.00 |   NULL |     20 |
+-------+-------+-----------+------+------------+---------+--------+--------+
6 rows in set (0.00 sec)

mysql> select avg(sal)
    -> from emp
    -> ;
+-------------+
| avg(sal)    |
+-------------+
| 2108.928571 |
+-------------+
1 row in set (0.00 sec)

mysql> select deptno,avg(sal)
    -> from emp
    -> group by deptno;
+--------+-------------+
| deptno | avg(sal)    |
+--------+-------------+
|     20 | 2275.000000 |
|     30 | 1566.666667 |
|     10 | 2916.666667 |
+--------+-------------+
3 rows in set (0.00 sec)

mysql> select * from emp ;
+-------+--------+-----------+------+------------+---------+---------+--------+
| EMPNO | ENAME  | JOB       | MGR  | HIREDATE   | SAL     | COMM    | DEPTNO |
+-------+--------+-----------+------+------------+---------+---------+--------+
|  7369 | SMITH  | CLERK     | 7902 | 1980-12-17 | 1300.00 |    NULL |     20 |
|  7499 | ALLEN  | SALESMAN  | 7698 | 1981-02-20 | 1600.00 |  300.00 |     30 |
|  7521 | WARD   | SALESMAN  | 7698 | 1981-02-22 | 1250.00 |  500.00 |     30 |
|  7566 | JONES  | MANAGER   | 7839 | 1981-04-02 | 2975.00 |    NULL |     20 |
|  7654 | MARTIN | SALESMAN  | 7698 | 1981-09-28 | 1250.00 | 1400.00 |     30 |
|  7698 | BLAKE  | MANAGER   | 7839 | 1981-05-01 | 2850.00 |    NULL |     30 |
|  7782 | CLARK  | MANAGER   | 7839 | 1981-06-09 | 2450.00 |    NULL |     10 |
|  7788 | SCOTT  | ANALYST   | 7566 | 1982-12-09 | 3000.00 |    NULL |     20 |
|  7839 | KING   | PRESIDENT | NULL | 1981-11-17 | 5000.00 |    NULL |     10 |
|  7844 | TURNER | SALESMAN  | 7698 | 1981-09-08 | 1500.00 |    0.00 |     30 |
|  7876 | ADAMS  | CLERK     | 7788 | 1983-01-12 | 1100.00 |    NULL |     20 |
|  7900 | JAMES  | CLERK     | 7698 | 1981-12-03 |  950.00 |    NULL |     30 |
|  7902 | FORD   | ANALYST   | 7566 | 1981-12-03 | 3000.00 |    NULL |     20 |
|  7934 | MILLER | CLERK     | 7782 | 1982-01-23 | 1300.00 |    NULL |     10 |
+-------+--------+-----------+------+------------+---------+---------+--------+
14 rows in set (0.00 sec)

mysql> select * from dept;
+--------+------------+----------+
| DEPTNO | DNAME      | LOC      |
+--------+------------+----------+
|     10 | ACCOUNTING | NEW YORK |
|     20 | RESEARCH   | DALLAS   |
|     30 | SALES      | CHICAGO  |
|     40 | OPERATIONS | BOSTON   |
+--------+------------+----------+
4 rows in set (0.01 sec)

mysql> select * from dept d
    -> where not exists(select * from emp e where e.depno=d.deptno);
ERROR 1054 (42S22): Unknown column 'e.depno' in 'where clause'
mysql> select * from dept d
    -> where not exists(select * from emp e where e.deptno=d.deptno);
+--------+------------+--------+
| DEPTNO | DNAME      | LOC    |
+--------+------------+--------+
|     40 | OPERATIONS | BOSTON |
+--------+------------+--------+
1 row in set (0.00 sec)

mysql> select empno,ename,e.deptno,d.deptno,dname
    -> from emp e , dept d;
+-------+--------+--------+--------+------------+
| empno | ename  | deptno | deptno | dname      |
+-------+--------+--------+--------+------------+
|  7369 | SMITH  |     20 |     10 | ACCOUNTING |
|  7369 | SMITH  |     20 |     20 | RESEARCH   |
|  7369 | SMITH  |     20 |     30 | SALES      |
|  7369 | SMITH  |     20 |     40 | OPERATIONS |
|  7499 | ALLEN  |     30 |     10 | ACCOUNTING |
|  7499 | ALLEN  |     30 |     20 | RESEARCH   |
|  7499 | ALLEN  |     30 |     30 | SALES      |
|  7499 | ALLEN  |     30 |     40 | OPERATIONS |
|  7521 | WARD   |     30 |     10 | ACCOUNTING |
|  7521 | WARD   |     30 |     20 | RESEARCH   |
|  7521 | WARD   |     30 |     30 | SALES      |
|  7521 | WARD   |     30 |     40 | OPERATIONS |
|  7566 | JONES  |     20 |     10 | ACCOUNTING |
|  7566 | JONES  |     20 |     20 | RESEARCH   |
|  7566 | JONES  |     20 |     30 | SALES      |
|  7566 | JONES  |     20 |     40 | OPERATIONS |
|  7654 | MARTIN |     30 |     10 | ACCOUNTING |
|  7654 | MARTIN |     30 |     20 | RESEARCH   |
|  7654 | MARTIN |     30 |     30 | SALES      |
|  7654 | MARTIN |     30 |     40 | OPERATIONS |
|  7698 | BLAKE  |     30 |     10 | ACCOUNTING |
|  7698 | BLAKE  |     30 |     20 | RESEARCH   |
|  7698 | BLAKE  |     30 |     30 | SALES      |
|  7698 | BLAKE  |     30 |     40 | OPERATIONS |
|  7782 | CLARK  |     10 |     10 | ACCOUNTING |
|  7782 | CLARK  |     10 |     20 | RESEARCH   |
|  7782 | CLARK  |     10 |     30 | SALES      |
|  7782 | CLARK  |     10 |     40 | OPERATIONS |
|  7788 | SCOTT  |     20 |     10 | ACCOUNTING |
|  7788 | SCOTT  |     20 |     20 | RESEARCH   |
|  7788 | SCOTT  |     20 |     30 | SALES      |
|  7788 | SCOTT  |     20 |     40 | OPERATIONS |
|  7839 | KING   |     10 |     10 | ACCOUNTING |
|  7839 | KING   |     10 |     20 | RESEARCH   |
|  7839 | KING   |     10 |     30 | SALES      |
|  7839 | KING   |     10 |     40 | OPERATIONS |
|  7844 | TURNER |     30 |     10 | ACCOUNTING |
|  7844 | TURNER |     30 |     20 | RESEARCH   |
|  7844 | TURNER |     30 |     30 | SALES      |
|  7844 | TURNER |     30 |     40 | OPERATIONS |
|  7876 | ADAMS  |     20 |     10 | ACCOUNTING |
|  7876 | ADAMS  |     20 |     20 | RESEARCH   |
|  7876 | ADAMS  |     20 |     30 | SALES      |
|  7876 | ADAMS  |     20 |     40 | OPERATIONS |
|  7900 | JAMES  |     30 |     10 | ACCOUNTING |
|  7900 | JAMES  |     30 |     20 | RESEARCH   |
|  7900 | JAMES  |     30 |     30 | SALES      |
|  7900 | JAMES  |     30 |     40 | OPERATIONS |
|  7902 | FORD   |     20 |     10 | ACCOUNTING |
|  7902 | FORD   |     20 |     20 | RESEARCH   |
|  7902 | FORD   |     20 |     30 | SALES      |
|  7902 | FORD   |     20 |     40 | OPERATIONS |
|  7934 | MILLER |     10 |     10 | ACCOUNTING |
|  7934 | MILLER |     10 |     20 | RESEARCH   |
|  7934 | MILLER |     10 |     30 | SALES      |
|  7934 | MILLER |     10 |     40 | OPERATIONS |
+-------+--------+--------+--------+------------+
56 rows in set (0.00 sec)

mysql> select empno,ename,e.deptno,d.deptno,dname
    -> from emp e , dept d;
+-------+--------+--------+--------+------------+
| empno | ename  | deptno | deptno | dname      |
+-------+--------+--------+--------+------------+
|  7369 | SMITH  |     20 |     10 | ACCOUNTING |
|  7369 | SMITH  |     20 |     20 | RESEARCH   |
|  7369 | SMITH  |     20 |     30 | SALES      |
|  7369 | SMITH  |     20 |     40 | OPERATIONS |
|  7499 | ALLEN  |     30 |     10 | ACCOUNTING |
|  7499 | ALLEN  |     30 |     20 | RESEARCH   |
|  7499 | ALLEN  |     30 |     30 | SALES      |
|  7499 | ALLEN  |     30 |     40 | OPERATIONS |
|  7521 | WARD   |     30 |     10 | ACCOUNTING |
|  7521 | WARD   |     30 |     20 | RESEARCH   |
|  7521 | WARD   |     30 |     30 | SALES      |
|  7521 | WARD   |     30 |     40 | OPERATIONS |
|  7566 | JONES  |     20 |     10 | ACCOUNTING |
|  7566 | JONES  |     20 |     20 | RESEARCH   |
|  7566 | JONES  |     20 |     30 | SALES      |
|  7566 | JONES  |     20 |     40 | OPERATIONS |
|  7654 | MARTIN |     30 |     10 | ACCOUNTING |
|  7654 | MARTIN |     30 |     20 | RESEARCH   |
|  7654 | MARTIN |     30 |     30 | SALES      |
|  7654 | MARTIN |     30 |     40 | OPERATIONS |
|  7698 | BLAKE  |     30 |     10 | ACCOUNTING |
|  7698 | BLAKE  |     30 |     20 | RESEARCH   |
|  7698 | BLAKE  |     30 |     30 | SALES      |
|  7698 | BLAKE  |     30 |     40 | OPERATIONS |
|  7782 | CLARK  |     10 |     10 | ACCOUNTING |
|  7782 | CLARK  |     10 |     20 | RESEARCH   |
|  7782 | CLARK  |     10 |     30 | SALES      |
|  7782 | CLARK  |     10 |     40 | OPERATIONS |
|  7788 | SCOTT  |     20 |     10 | ACCOUNTING |
|  7788 | SCOTT  |     20 |     20 | RESEARCH   |
|  7788 | SCOTT  |     20 |     30 | SALES      |
|  7788 | SCOTT  |     20 |     40 | OPERATIONS |
|  7839 | KING   |     10 |     10 | ACCOUNTING |
|  7839 | KING   |     10 |     20 | RESEARCH   |
|  7839 | KING   |     10 |     30 | SALES      |
|  7839 | KING   |     10 |     40 | OPERATIONS |
|  7844 | TURNER |     30 |     10 | ACCOUNTING |
|  7844 | TURNER |     30 |     20 | RESEARCH   |
|  7844 | TURNER |     30 |     30 | SALES      |
|  7844 | TURNER |     30 |     40 | OPERATIONS |
|  7876 | ADAMS  |     20 |     10 | ACCOUNTING |
|  7876 | ADAMS  |     20 |     20 | RESEARCH   |
|  7876 | ADAMS  |     20 |     30 | SALES      |
|  7876 | ADAMS  |     20 |     40 | OPERATIONS |
|  7900 | JAMES  |     30 |     10 | ACCOUNTING |
|  7900 | JAMES  |     30 |     20 | RESEARCH   |
|  7900 | JAMES  |     30 |     30 | SALES      |
|  7900 | JAMES  |     30 |     40 | OPERATIONS |
|  7902 | FORD   |     20 |     10 | ACCOUNTING |
|  7902 | FORD   |     20 |     20 | RESEARCH   |
|  7902 | FORD   |     20 |     30 | SALES      |
|  7902 | FORD   |     20 |     40 | OPERATIONS |
|  7934 | MILLER |     10 |     10 | ACCOUNTING |
|  7934 | MILLER |     10 |     20 | RESEARCH   |
|  7934 | MILLER |     10 |     30 | SALES      |
|  7934 | MILLER |     10 |     40 | OPERATIONS |
+-------+--------+--------+--------+------------+
56 rows in set (0.00 sec)

mysql> select empno,ename,e.deptno,d.deptno,dname
    -> from emp e , dept d
    -> where e.deptno=d.deptno;
+-------+--------+--------+--------+------------+
| empno | ename  | deptno | deptno | dname      |
+-------+--------+--------+--------+------------+
|  7369 | SMITH  |     20 |     20 | RESEARCH   |
|  7499 | ALLEN  |     30 |     30 | SALES      |
|  7521 | WARD   |     30 |     30 | SALES      |
|  7566 | JONES  |     20 |     20 | RESEARCH   |
|  7654 | MARTIN |     30 |     30 | SALES      |
|  7698 | BLAKE  |     30 |     30 | SALES      |
|  7782 | CLARK  |     10 |     10 | ACCOUNTING |
|  7788 | SCOTT  |     20 |     20 | RESEARCH   |
|  7839 | KING   |     10 |     10 | ACCOUNTING |
|  7844 | TURNER |     30 |     30 | SALES      |
|  7876 | ADAMS  |     20 |     20 | RESEARCH   |
|  7900 | JAMES  |     30 |     30 | SALES      |
|  7902 | FORD   |     20 |     20 | RESEARCH   |
|  7934 | MILLER |     10 |     10 | ACCOUNTING |
+-------+--------+--------+--------+------------+
14 rows in set (0.00 sec)

mysql> select * from emp
    -> ;
+-------+--------+-----------+------+------------+---------+---------+--------+
| EMPNO | ENAME  | JOB       | MGR  | HIREDATE   | SAL     | COMM    | DEPTNO |
+-------+--------+-----------+------+------------+---------+---------+--------+
|  7369 | SMITH  | CLERK     | 7902 | 1980-12-17 | 1300.00 |    NULL |     20 |
|  7499 | ALLEN  | SALESMAN  | 7698 | 1981-02-20 | 1600.00 |  300.00 |     30 |
|  7521 | WARD   | SALESMAN  | 7698 | 1981-02-22 | 1250.00 |  500.00 |     30 |
|  7566 | JONES  | MANAGER   | 7839 | 1981-04-02 | 2975.00 |    NULL |     20 |
|  7654 | MARTIN | SALESMAN  | 7698 | 1981-09-28 | 1250.00 | 1400.00 |     30 |
|  7698 | BLAKE  | MANAGER   | 7839 | 1981-05-01 | 2850.00 |    NULL |     30 |
|  7782 | CLARK  | MANAGER   | 7839 | 1981-06-09 | 2450.00 |    NULL |     10 |
|  7788 | SCOTT  | ANALYST   | 7566 | 1982-12-09 | 3000.00 |    NULL |     20 |
|  7839 | KING   | PRESIDENT | NULL | 1981-11-17 | 5000.00 |    NULL |     10 |
|  7844 | TURNER | SALESMAN  | 7698 | 1981-09-08 | 1500.00 |    0.00 |     30 |
|  7876 | ADAMS  | CLERK     | 7788 | 1983-01-12 | 1100.00 |    NULL |     20 |
|  7900 | JAMES  | CLERK     | 7698 | 1981-12-03 |  950.00 |    NULL |     30 |
|  7902 | FORD   | ANALYST   | 7566 | 1981-12-03 | 3000.00 |    NULL |     20 |
|  7934 | MILLER | CLERK     | 7782 | 1982-01-23 | 1300.00 |    NULL |     10 |
+-------+--------+-----------+------+------------+---------+---------+--------+
14 rows in set (0.00 sec)

mysql> select * from salgrade;
+-------+-------+-------+
| GRADE | LOSAL | HISAL |
+-------+-------+-------+
|     1 |   700 |  1200 |
|     2 |  1201 |  1400 |
|     3 |  1401 |  2000 |
|     4 |  2001 |  3000 |
|     5 |  3001 |  9999 |
+-------+-------+-------+
5 rows in set (0.00 sec)

mysql> select * from emp e,salgrade s;
+-------+--------+-----------+------+------------+---------+---------+--------+-------+-------+-------+
| EMPNO | ENAME  | JOB       | MGR  | HIREDATE   | SAL     | COMM    | DEPTNO | GRADE | LOSAL | HISAL |
+-------+--------+-----------+------+------------+---------+---------+--------+-------+-------+-------+
|  7369 | SMITH  | CLERK     | 7902 | 1980-12-17 | 1300.00 |    NULL |     20 |     1 |   700 |  1200 |
|  7369 | SMITH  | CLERK     | 7902 | 1980-12-17 | 1300.00 |    NULL |     20 |     2 |  1201 |  1400 |
|  7369 | SMITH  | CLERK     | 7902 | 1980-12-17 | 1300.00 |    NULL |     20 |     3 |  1401 |  2000 |
|  7369 | SMITH  | CLERK     | 7902 | 1980-12-17 | 1300.00 |    NULL |     20 |     4 |  2001 |  3000 |
|  7369 | SMITH  | CLERK     | 7902 | 1980-12-17 | 1300.00 |    NULL |     20 |     5 |  3001 |  9999 |
|  7499 | ALLEN  | SALESMAN  | 7698 | 1981-02-20 | 1600.00 |  300.00 |     30 |     1 |   700 |  1200 |
|  7499 | ALLEN  | SALESMAN  | 7698 | 1981-02-20 | 1600.00 |  300.00 |     30 |     2 |  1201 |  1400 |
|  7499 | ALLEN  | SALESMAN  | 7698 | 1981-02-20 | 1600.00 |  300.00 |     30 |     3 |  1401 |  2000 |
|  7499 | ALLEN  | SALESMAN  | 7698 | 1981-02-20 | 1600.00 |  300.00 |     30 |     4 |  2001 |  3000 |
|  7499 | ALLEN  | SALESMAN  | 7698 | 1981-02-20 | 1600.00 |  300.00 |     30 |     5 |  3001 |  9999 |
|  7521 | WARD   | SALESMAN  | 7698 | 1981-02-22 | 1250.00 |  500.00 |     30 |     1 |   700 |  1200 |
|  7521 | WARD   | SALESMAN  | 7698 | 1981-02-22 | 1250.00 |  500.00 |     30 |     2 |  1201 |  1400 |
|  7521 | WARD   | SALESMAN  | 7698 | 1981-02-22 | 1250.00 |  500.00 |     30 |     3 |  1401 |  2000 |
|  7521 | WARD   | SALESMAN  | 7698 | 1981-02-22 | 1250.00 |  500.00 |     30 |     4 |  2001 |  3000 |
|  7521 | WARD   | SALESMAN  | 7698 | 1981-02-22 | 1250.00 |  500.00 |     30 |     5 |  3001 |  9999 |
|  7566 | JONES  | MANAGER   | 7839 | 1981-04-02 | 2975.00 |    NULL |     20 |     1 |   700 |  1200 |
|  7566 | JONES  | MANAGER   | 7839 | 1981-04-02 | 2975.00 |    NULL |     20 |     2 |  1201 |  1400 |
|  7566 | JONES  | MANAGER   | 7839 | 1981-04-02 | 2975.00 |    NULL |     20 |     3 |  1401 |  2000 |
|  7566 | JONES  | MANAGER   | 7839 | 1981-04-02 | 2975.00 |    NULL |     20 |     4 |  2001 |  3000 |
|  7566 | JONES  | MANAGER   | 7839 | 1981-04-02 | 2975.00 |    NULL |     20 |     5 |  3001 |  9999 |
|  7654 | MARTIN | SALESMAN  | 7698 | 1981-09-28 | 1250.00 | 1400.00 |     30 |     1 |   700 |  1200 |
|  7654 | MARTIN | SALESMAN  | 7698 | 1981-09-28 | 1250.00 | 1400.00 |     30 |     2 |  1201 |  1400 |
|  7654 | MARTIN | SALESMAN  | 7698 | 1981-09-28 | 1250.00 | 1400.00 |     30 |     3 |  1401 |  2000 |
|  7654 | MARTIN | SALESMAN  | 7698 | 1981-09-28 | 1250.00 | 1400.00 |     30 |     4 |  2001 |  3000 |
|  7654 | MARTIN | SALESMAN  | 7698 | 1981-09-28 | 1250.00 | 1400.00 |     30 |     5 |  3001 |  9999 |
|  7698 | BLAKE  | MANAGER   | 7839 | 1981-05-01 | 2850.00 |    NULL |     30 |     1 |   700 |  1200 |
|  7698 | BLAKE  | MANAGER   | 7839 | 1981-05-01 | 2850.00 |    NULL |     30 |     2 |  1201 |  1400 |
|  7698 | BLAKE  | MANAGER   | 7839 | 1981-05-01 | 2850.00 |    NULL |     30 |     3 |  1401 |  2000 |
|  7698 | BLAKE  | MANAGER   | 7839 | 1981-05-01 | 2850.00 |    NULL |     30 |     4 |  2001 |  3000 |
|  7698 | BLAKE  | MANAGER   | 7839 | 1981-05-01 | 2850.00 |    NULL |     30 |     5 |  3001 |  9999 |
|  7782 | CLARK  | MANAGER   | 7839 | 1981-06-09 | 2450.00 |    NULL |     10 |     1 |   700 |  1200 |
|  7782 | CLARK  | MANAGER   | 7839 | 1981-06-09 | 2450.00 |    NULL |     10 |     2 |  1201 |  1400 |
|  7782 | CLARK  | MANAGER   | 7839 | 1981-06-09 | 2450.00 |    NULL |     10 |     3 |  1401 |  2000 |
|  7782 | CLARK  | MANAGER   | 7839 | 1981-06-09 | 2450.00 |    NULL |     10 |     4 |  2001 |  3000 |
|  7782 | CLARK  | MANAGER   | 7839 | 1981-06-09 | 2450.00 |    NULL |     10 |     5 |  3001 |  9999 |
|  7788 | SCOTT  | ANALYST   | 7566 | 1982-12-09 | 3000.00 |    NULL |     20 |     1 |   700 |  1200 |
|  7788 | SCOTT  | ANALYST   | 7566 | 1982-12-09 | 3000.00 |    NULL |     20 |     2 |  1201 |  1400 |
|  7788 | SCOTT  | ANALYST   | 7566 | 1982-12-09 | 3000.00 |    NULL |     20 |     3 |  1401 |  2000 |
|  7788 | SCOTT  | ANALYST   | 7566 | 1982-12-09 | 3000.00 |    NULL |     20 |     4 |  2001 |  3000 |
|  7788 | SCOTT  | ANALYST   | 7566 | 1982-12-09 | 3000.00 |    NULL |     20 |     5 |  3001 |  9999 |
|  7839 | KING   | PRESIDENT | NULL | 1981-11-17 | 5000.00 |    NULL |     10 |     1 |   700 |  1200 |
|  7839 | KING   | PRESIDENT | NULL | 1981-11-17 | 5000.00 |    NULL |     10 |     2 |  1201 |  1400 |
|  7839 | KING   | PRESIDENT | NULL | 1981-11-17 | 5000.00 |    NULL |     10 |     3 |  1401 |  2000 |
|  7839 | KING   | PRESIDENT | NULL | 1981-11-17 | 5000.00 |    NULL |     10 |     4 |  2001 |  3000 |
|  7839 | KING   | PRESIDENT | NULL | 1981-11-17 | 5000.00 |    NULL |     10 |     5 |  3001 |  9999 |
|  7844 | TURNER | SALESMAN  | 7698 | 1981-09-08 | 1500.00 |    0.00 |     30 |     1 |   700 |  1200 |
|  7844 | TURNER | SALESMAN  | 7698 | 1981-09-08 | 1500.00 |    0.00 |     30 |     2 |  1201 |  1400 |
|  7844 | TURNER | SALESMAN  | 7698 | 1981-09-08 | 1500.00 |    0.00 |     30 |     3 |  1401 |  2000 |
|  7844 | TURNER | SALESMAN  | 7698 | 1981-09-08 | 1500.00 |    0.00 |     30 |     4 |  2001 |  3000 |
|  7844 | TURNER | SALESMAN  | 7698 | 1981-09-08 | 1500.00 |    0.00 |     30 |     5 |  3001 |  9999 |
|  7876 | ADAMS  | CLERK     | 7788 | 1983-01-12 | 1100.00 |    NULL |     20 |     1 |   700 |  1200 |
|  7876 | ADAMS  | CLERK     | 7788 | 1983-01-12 | 1100.00 |    NULL |     20 |     2 |  1201 |  1400 |
|  7876 | ADAMS  | CLERK     | 7788 | 1983-01-12 | 1100.00 |    NULL |     20 |     3 |  1401 |  2000 |
|  7876 | ADAMS  | CLERK     | 7788 | 1983-01-12 | 1100.00 |    NULL |     20 |     4 |  2001 |  3000 |
|  7876 | ADAMS  | CLERK     | 7788 | 1983-01-12 | 1100.00 |    NULL |     20 |     5 |  3001 |  9999 |
|  7900 | JAMES  | CLERK     | 7698 | 1981-12-03 |  950.00 |    NULL |     30 |     1 |   700 |  1200 |
|  7900 | JAMES  | CLERK     | 7698 | 1981-12-03 |  950.00 |    NULL |     30 |     2 |  1201 |  1400 |
|  7900 | JAMES  | CLERK     | 7698 | 1981-12-03 |  950.00 |    NULL |     30 |     3 |  1401 |  2000 |
|  7900 | JAMES  | CLERK     | 7698 | 1981-12-03 |  950.00 |    NULL |     30 |     4 |  2001 |  3000 |
|  7900 | JAMES  | CLERK     | 7698 | 1981-12-03 |  950.00 |    NULL |     30 |     5 |  3001 |  9999 |
|  7902 | FORD   | ANALYST   | 7566 | 1981-12-03 | 3000.00 |    NULL |     20 |     1 |   700 |  1200 |
|  7902 | FORD   | ANALYST   | 7566 | 1981-12-03 | 3000.00 |    NULL |     20 |     2 |  1201 |  1400 |
|  7902 | FORD   | ANALYST   | 7566 | 1981-12-03 | 3000.00 |    NULL |     20 |     3 |  1401 |  2000 |
|  7902 | FORD   | ANALYST   | 7566 | 1981-12-03 | 3000.00 |    NULL |     20 |     4 |  2001 |  3000 |
|  7902 | FORD   | ANALYST   | 7566 | 1981-12-03 | 3000.00 |    NULL |     20 |     5 |  3001 |  9999 |
|  7934 | MILLER | CLERK     | 7782 | 1982-01-23 | 1300.00 |    NULL |     10 |     1 |   700 |  1200 |
|  7934 | MILLER | CLERK     | 7782 | 1982-01-23 | 1300.00 |    NULL |     10 |     2 |  1201 |  1400 |
|  7934 | MILLER | CLERK     | 7782 | 1982-01-23 | 1300.00 |    NULL |     10 |     3 |  1401 |  2000 |
|  7934 | MILLER | CLERK     | 7782 | 1982-01-23 | 1300.00 |    NULL |     10 |     4 |  2001 |  3000 |
|  7934 | MILLER | CLERK     | 7782 | 1982-01-23 | 1300.00 |    NULL |     10 |     5 |  3001 |  9999 |
+-------+--------+-----------+------+------------+---------+---------+--------+-------+-------+-------+
70 rows in set (0.00 sec)

mysql> select * from emp e,salgrade s
    -> where e.sal between s.losal and s.hisal;
+-------+--------+-----------+------+------------+---------+---------+--------+-------+-------+-------+
| EMPNO | ENAME  | JOB       | MGR  | HIREDATE   | SAL     | COMM    | DEPTNO | GRADE | LOSAL | HISAL |
+-------+--------+-----------+------+------------+---------+---------+--------+-------+-------+-------+
|  7369 | SMITH  | CLERK     | 7902 | 1980-12-17 | 1300.00 |    NULL |     20 |     2 |  1201 |  1400 |
|  7499 | ALLEN  | SALESMAN  | 7698 | 1981-02-20 | 1600.00 |  300.00 |     30 |     3 |  1401 |  2000 |
|  7521 | WARD   | SALESMAN  | 7698 | 1981-02-22 | 1250.00 |  500.00 |     30 |     2 |  1201 |  1400 |
|  7566 | JONES  | MANAGER   | 7839 | 1981-04-02 | 2975.00 |    NULL |     20 |     4 |  2001 |  3000 |
|  7654 | MARTIN | SALESMAN  | 7698 | 1981-09-28 | 1250.00 | 1400.00 |     30 |     2 |  1201 |  1400 |
|  7698 | BLAKE  | MANAGER   | 7839 | 1981-05-01 | 2850.00 |    NULL |     30 |     4 |  2001 |  3000 |
|  7782 | CLARK  | MANAGER   | 7839 | 1981-06-09 | 2450.00 |    NULL |     10 |     4 |  2001 |  3000 |
|  7788 | SCOTT  | ANALYST   | 7566 | 1982-12-09 | 3000.00 |    NULL |     20 |     4 |  2001 |  3000 |
|  7839 | KING   | PRESIDENT | NULL | 1981-11-17 | 5000.00 |    NULL |     10 |     5 |  3001 |  9999 |
|  7844 | TURNER | SALESMAN  | 7698 | 1981-09-08 | 1500.00 |    0.00 |     30 |     3 |  1401 |  2000 |
|  7876 | ADAMS  | CLERK     | 7788 | 1983-01-12 | 1100.00 |    NULL |     20 |     1 |   700 |  1200 |
|  7900 | JAMES  | CLERK     | 7698 | 1981-12-03 |  950.00 |    NULL |     30 |     1 |   700 |  1200 |
|  7902 | FORD   | ANALYST   | 7566 | 1981-12-03 | 3000.00 |    NULL |     20 |     4 |  2001 |  3000 |
|  7934 | MILLER | CLERK     | 7782 | 1982-01-23 | 1300.00 |    NULL |     10 |     2 |  1201 |  1400 |
+-------+--------+-----------+------+------------+---------+---------+--------+-------+-------+-------+
14 rows in set (0.00 sec)

mysql> select empno,ename,sal,grade,losal,hisal from emp e,salgrade s
    -> where e.sal between s.losal and s.hisal;
+-------+--------+---------+-------+-------+-------+
| empno | ename  | sal     | grade | losal | hisal |
+-------+--------+---------+-------+-------+-------+
|  7369 | SMITH  | 1300.00 |     2 |  1201 |  1400 |
|  7499 | ALLEN  | 1600.00 |     3 |  1401 |  2000 |
|  7521 | WARD   | 1250.00 |     2 |  1201 |  1400 |
|  7566 | JONES  | 2975.00 |     4 |  2001 |  3000 |
|  7654 | MARTIN | 1250.00 |     2 |  1201 |  1400 |
|  7698 | BLAKE  | 2850.00 |     4 |  2001 |  3000 |
|  7782 | CLARK  | 2450.00 |     4 |  2001 |  3000 |
|  7788 | SCOTT  | 3000.00 |     4 |  2001 |  3000 |
|  7839 | KING   | 5000.00 |     5 |  3001 |  9999 |
|  7844 | TURNER | 1500.00 |     3 |  1401 |  2000 |
|  7876 | ADAMS  | 1100.00 |     1 |   700 |  1200 |
|  7900 | JAMES  |  950.00 |     1 |   700 |  1200 |
|  7902 | FORD   | 3000.00 |     4 |  2001 |  3000 |
|  7934 | MILLER | 1300.00 |     2 |  1201 |  1400 |
+-------+--------+---------+-------+-------+-------+
14 rows in set (0.00 sec)

mysql> select * from emp;
+-------+--------+-----------+------+------------+---------+---------+--------+
| EMPNO | ENAME  | JOB       | MGR  | HIREDATE   | SAL     | COMM    | DEPTNO |
+-------+--------+-----------+------+------------+---------+---------+--------+
|  7369 | SMITH  | CLERK     | 7902 | 1980-12-17 | 1300.00 |    NULL |     20 |
|  7499 | ALLEN  | SALESMAN  | 7698 | 1981-02-20 | 1600.00 |  300.00 |     30 |
|  7521 | WARD   | SALESMAN  | 7698 | 1981-02-22 | 1250.00 |  500.00 |     30 |
|  7566 | JONES  | MANAGER   | 7839 | 1981-04-02 | 2975.00 |    NULL |     20 |
|  7654 | MARTIN | SALESMAN  | 7698 | 1981-09-28 | 1250.00 | 1400.00 |     30 |
|  7698 | BLAKE  | MANAGER   | 7839 | 1981-05-01 | 2850.00 |    NULL |     30 |
|  7782 | CLARK  | MANAGER   | 7839 | 1981-06-09 | 2450.00 |    NULL |     10 |
|  7788 | SCOTT  | ANALYST   | 7566 | 1982-12-09 | 3000.00 |    NULL |     20 |
|  7839 | KING   | PRESIDENT | NULL | 1981-11-17 | 5000.00 |    NULL |     10 |
|  7844 | TURNER | SALESMAN  | 7698 | 1981-09-08 | 1500.00 |    0.00 |     30 |
|  7876 | ADAMS  | CLERK     | 7788 | 1983-01-12 | 1100.00 |    NULL |     20 |
|  7900 | JAMES  | CLERK     | 7698 | 1981-12-03 |  950.00 |    NULL |     30 |
|  7902 | FORD   | ANALYST   | 7566 | 1981-12-03 | 3000.00 |    NULL |     20 |
|  7934 | MILLER | CLERK     | 7782 | 1982-01-23 | 1300.00 |    NULL |     10 |
+-------+--------+-----------+------+------------+---------+---------+--------+
14 rows in set (0.00 sec)

mysql> select e.empno,e.ename,e.mgr,m.empno,m.ename
    -> from emp e, emp m;
+-------+--------+------+-------+--------+
| empno | ename  | mgr  | empno | ename  |
+-------+--------+------+-------+--------+
|  7369 | SMITH  | 7902 |  7369 | SMITH  |
|  7499 | ALLEN  | 7698 |  7369 | SMITH  |
|  7521 | WARD   | 7698 |  7369 | SMITH  |
|  7566 | JONES  | 7839 |  7369 | SMITH  |
|  7654 | MARTIN | 7698 |  7369 | SMITH  |
|  7698 | BLAKE  | 7839 |  7369 | SMITH  |
|  7782 | CLARK  | 7839 |  7369 | SMITH  |
|  7788 | SCOTT  | 7566 |  7369 | SMITH  |
|  7839 | KING   | NULL |  7369 | SMITH  |
|  7844 | TURNER | 7698 |  7369 | SMITH  |
|  7876 | ADAMS  | 7788 |  7369 | SMITH  |
|  7900 | JAMES  | 7698 |  7369 | SMITH  |
|  7902 | FORD   | 7566 |  7369 | SMITH  |
|  7934 | MILLER | 7782 |  7369 | SMITH  |
|  7369 | SMITH  | 7902 |  7499 | ALLEN  |
|  7499 | ALLEN  | 7698 |  7499 | ALLEN  |
|  7521 | WARD   | 7698 |  7499 | ALLEN  |
|  7566 | JONES  | 7839 |  7499 | ALLEN  |
|  7654 | MARTIN | 7698 |  7499 | ALLEN  |
|  7698 | BLAKE  | 7839 |  7499 | ALLEN  |
|  7782 | CLARK  | 7839 |  7499 | ALLEN  |
|  7788 | SCOTT  | 7566 |  7499 | ALLEN  |
|  7839 | KING   | NULL |  7499 | ALLEN  |
|  7844 | TURNER | 7698 |  7499 | ALLEN  |
|  7876 | ADAMS  | 7788 |  7499 | ALLEN  |
|  7900 | JAMES  | 7698 |  7499 | ALLEN  |
|  7902 | FORD   | 7566 |  7499 | ALLEN  |
|  7934 | MILLER | 7782 |  7499 | ALLEN  |
|  7369 | SMITH  | 7902 |  7521 | WARD   |
|  7499 | ALLEN  | 7698 |  7521 | WARD   |
|  7521 | WARD   | 7698 |  7521 | WARD   |
|  7566 | JONES  | 7839 |  7521 | WARD   |
|  7654 | MARTIN | 7698 |  7521 | WARD   |
|  7698 | BLAKE  | 7839 |  7521 | WARD   |
|  7782 | CLARK  | 7839 |  7521 | WARD   |
|  7788 | SCOTT  | 7566 |  7521 | WARD   |
|  7839 | KING   | NULL |  7521 | WARD   |
|  7844 | TURNER | 7698 |  7521 | WARD   |
|  7876 | ADAMS  | 7788 |  7521 | WARD   |
|  7900 | JAMES  | 7698 |  7521 | WARD   |
|  7902 | FORD   | 7566 |  7521 | WARD   |
|  7934 | MILLER | 7782 |  7521 | WARD   |
|  7369 | SMITH  | 7902 |  7566 | JONES  |
|  7499 | ALLEN  | 7698 |  7566 | JONES  |
|  7521 | WARD   | 7698 |  7566 | JONES  |
|  7566 | JONES  | 7839 |  7566 | JONES  |
|  7654 | MARTIN | 7698 |  7566 | JONES  |
|  7698 | BLAKE  | 7839 |  7566 | JONES  |
|  7782 | CLARK  | 7839 |  7566 | JONES  |
|  7788 | SCOTT  | 7566 |  7566 | JONES  |
|  7839 | KING   | NULL |  7566 | JONES  |
|  7844 | TURNER | 7698 |  7566 | JONES  |
|  7876 | ADAMS  | 7788 |  7566 | JONES  |
|  7900 | JAMES  | 7698 |  7566 | JONES  |
|  7902 | FORD   | 7566 |  7566 | JONES  |
|  7934 | MILLER | 7782 |  7566 | JONES  |
|  7369 | SMITH  | 7902 |  7654 | MARTIN |
|  7499 | ALLEN  | 7698 |  7654 | MARTIN |
|  7521 | WARD   | 7698 |  7654 | MARTIN |
|  7566 | JONES  | 7839 |  7654 | MARTIN |
|  7654 | MARTIN | 7698 |  7654 | MARTIN |
|  7698 | BLAKE  | 7839 |  7654 | MARTIN |
|  7782 | CLARK  | 7839 |  7654 | MARTIN |
|  7788 | SCOTT  | 7566 |  7654 | MARTIN |
|  7839 | KING   | NULL |  7654 | MARTIN |
|  7844 | TURNER | 7698 |  7654 | MARTIN |
|  7876 | ADAMS  | 7788 |  7654 | MARTIN |
|  7900 | JAMES  | 7698 |  7654 | MARTIN |
|  7902 | FORD   | 7566 |  7654 | MARTIN |
|  7934 | MILLER | 7782 |  7654 | MARTIN |
|  7369 | SMITH  | 7902 |  7698 | BLAKE  |
|  7499 | ALLEN  | 7698 |  7698 | BLAKE  |
|  7521 | WARD   | 7698 |  7698 | BLAKE  |
|  7566 | JONES  | 7839 |  7698 | BLAKE  |
|  7654 | MARTIN | 7698 |  7698 | BLAKE  |
|  7698 | BLAKE  | 7839 |  7698 | BLAKE  |
|  7782 | CLARK  | 7839 |  7698 | BLAKE  |
|  7788 | SCOTT  | 7566 |  7698 | BLAKE  |
|  7839 | KING   | NULL |  7698 | BLAKE  |
|  7844 | TURNER | 7698 |  7698 | BLAKE  |
|  7876 | ADAMS  | 7788 |  7698 | BLAKE  |
|  7900 | JAMES  | 7698 |  7698 | BLAKE  |
|  7902 | FORD   | 7566 |  7698 | BLAKE  |
|  7934 | MILLER | 7782 |  7698 | BLAKE  |
|  7369 | SMITH  | 7902 |  7782 | CLARK  |
|  7499 | ALLEN  | 7698 |  7782 | CLARK  |
|  7521 | WARD   | 7698 |  7782 | CLARK  |
|  7566 | JONES  | 7839 |  7782 | CLARK  |
|  7654 | MARTIN | 7698 |  7782 | CLARK  |
|  7698 | BLAKE  | 7839 |  7782 | CLARK  |
|  7782 | CLARK  | 7839 |  7782 | CLARK  |
|  7788 | SCOTT  | 7566 |  7782 | CLARK  |
|  7839 | KING   | NULL |  7782 | CLARK  |
|  7844 | TURNER | 7698 |  7782 | CLARK  |
|  7876 | ADAMS  | 7788 |  7782 | CLARK  |
|  7900 | JAMES  | 7698 |  7782 | CLARK  |
|  7902 | FORD   | 7566 |  7782 | CLARK  |
|  7934 | MILLER | 7782 |  7782 | CLARK  |
|  7369 | SMITH  | 7902 |  7788 | SCOTT  |
|  7499 | ALLEN  | 7698 |  7788 | SCOTT  |
|  7521 | WARD   | 7698 |  7788 | SCOTT  |
|  7566 | JONES  | 7839 |  7788 | SCOTT  |
|  7654 | MARTIN | 7698 |  7788 | SCOTT  |
|  7698 | BLAKE  | 7839 |  7788 | SCOTT  |
|  7782 | CLARK  | 7839 |  7788 | SCOTT  |
|  7788 | SCOTT  | 7566 |  7788 | SCOTT  |
|  7839 | KING   | NULL |  7788 | SCOTT  |
|  7844 | TURNER | 7698 |  7788 | SCOTT  |
|  7876 | ADAMS  | 7788 |  7788 | SCOTT  |
|  7900 | JAMES  | 7698 |  7788 | SCOTT  |
|  7902 | FORD   | 7566 |  7788 | SCOTT  |
|  7934 | MILLER | 7782 |  7788 | SCOTT  |
|  7369 | SMITH  | 7902 |  7839 | KING   |
|  7499 | ALLEN  | 7698 |  7839 | KING   |
|  7521 | WARD   | 7698 |  7839 | KING   |
|  7566 | JONES  | 7839 |  7839 | KING   |
|  7654 | MARTIN | 7698 |  7839 | KING   |
|  7698 | BLAKE  | 7839 |  7839 | KING   |
|  7782 | CLARK  | 7839 |  7839 | KING   |
|  7788 | SCOTT  | 7566 |  7839 | KING   |
|  7839 | KING   | NULL |  7839 | KING   |
|  7844 | TURNER | 7698 |  7839 | KING   |
|  7876 | ADAMS  | 7788 |  7839 | KING   |
|  7900 | JAMES  | 7698 |  7839 | KING   |
|  7902 | FORD   | 7566 |  7839 | KING   |
|  7934 | MILLER | 7782 |  7839 | KING   |
|  7369 | SMITH  | 7902 |  7844 | TURNER |
|  7499 | ALLEN  | 7698 |  7844 | TURNER |
|  7521 | WARD   | 7698 |  7844 | TURNER |
|  7566 | JONES  | 7839 |  7844 | TURNER |
|  7654 | MARTIN | 7698 |  7844 | TURNER |
|  7698 | BLAKE  | 7839 |  7844 | TURNER |
|  7782 | CLARK  | 7839 |  7844 | TURNER |
|  7788 | SCOTT  | 7566 |  7844 | TURNER |
|  7839 | KING   | NULL |  7844 | TURNER |
|  7844 | TURNER | 7698 |  7844 | TURNER |
|  7876 | ADAMS  | 7788 |  7844 | TURNER |
|  7900 | JAMES  | 7698 |  7844 | TURNER |
|  7902 | FORD   | 7566 |  7844 | TURNER |
|  7934 | MILLER | 7782 |  7844 | TURNER |
|  7369 | SMITH  | 7902 |  7876 | ADAMS  |
|  7499 | ALLEN  | 7698 |  7876 | ADAMS  |
|  7521 | WARD   | 7698 |  7876 | ADAMS  |
|  7566 | JONES  | 7839 |  7876 | ADAMS  |
|  7654 | MARTIN | 7698 |  7876 | ADAMS  |
|  7698 | BLAKE  | 7839 |  7876 | ADAMS  |
|  7782 | CLARK  | 7839 |  7876 | ADAMS  |
|  7788 | SCOTT  | 7566 |  7876 | ADAMS  |
|  7839 | KING   | NULL |  7876 | ADAMS  |
|  7844 | TURNER | 7698 |  7876 | ADAMS  |
|  7876 | ADAMS  | 7788 |  7876 | ADAMS  |
|  7900 | JAMES  | 7698 |  7876 | ADAMS  |
|  7902 | FORD   | 7566 |  7876 | ADAMS  |
|  7934 | MILLER | 7782 |  7876 | ADAMS  |
|  7369 | SMITH  | 7902 |  7900 | JAMES  |
|  7499 | ALLEN  | 7698 |  7900 | JAMES  |
|  7521 | WARD   | 7698 |  7900 | JAMES  |
|  7566 | JONES  | 7839 |  7900 | JAMES  |
|  7654 | MARTIN | 7698 |  7900 | JAMES  |
|  7698 | BLAKE  | 7839 |  7900 | JAMES  |
|  7782 | CLARK  | 7839 |  7900 | JAMES  |
|  7788 | SCOTT  | 7566 |  7900 | JAMES  |
|  7839 | KING   | NULL |  7900 | JAMES  |
|  7844 | TURNER | 7698 |  7900 | JAMES  |
|  7876 | ADAMS  | 7788 |  7900 | JAMES  |
|  7900 | JAMES  | 7698 |  7900 | JAMES  |
|  7902 | FORD   | 7566 |  7900 | JAMES  |
|  7934 | MILLER | 7782 |  7900 | JAMES  |
|  7369 | SMITH  | 7902 |  7902 | FORD   |
|  7499 | ALLEN  | 7698 |  7902 | FORD   |
|  7521 | WARD   | 7698 |  7902 | FORD   |
|  7566 | JONES  | 7839 |  7902 | FORD   |
|  7654 | MARTIN | 7698 |  7902 | FORD   |
|  7698 | BLAKE  | 7839 |  7902 | FORD   |
|  7782 | CLARK  | 7839 |  7902 | FORD   |
|  7788 | SCOTT  | 7566 |  7902 | FORD   |
|  7839 | KING   | NULL |  7902 | FORD   |
|  7844 | TURNER | 7698 |  7902 | FORD   |
|  7876 | ADAMS  | 7788 |  7902 | FORD   |
|  7900 | JAMES  | 7698 |  7902 | FORD   |
|  7902 | FORD   | 7566 |  7902 | FORD   |
|  7934 | MILLER | 7782 |  7902 | FORD   |
|  7369 | SMITH  | 7902 |  7934 | MILLER |
|  7499 | ALLEN  | 7698 |  7934 | MILLER |
|  7521 | WARD   | 7698 |  7934 | MILLER |
|  7566 | JONES  | 7839 |  7934 | MILLER |
|  7654 | MARTIN | 7698 |  7934 | MILLER |
|  7698 | BLAKE  | 7839 |  7934 | MILLER |
|  7782 | CLARK  | 7839 |  7934 | MILLER |
|  7788 | SCOTT  | 7566 |  7934 | MILLER |
|  7839 | KING   | NULL |  7934 | MILLER |
|  7844 | TURNER | 7698 |  7934 | MILLER |
|  7876 | ADAMS  | 7788 |  7934 | MILLER |
|  7900 | JAMES  | 7698 |  7934 | MILLER |
|  7902 | FORD   | 7566 |  7934 | MILLER |
|  7934 | MILLER | 7782 |  7934 | MILLER |
+-------+--------+------+-------+--------+
196 rows in set (0.00 sec)

mysql> select e.empno,e.ename,e.mgr,m.empno,m.ename
    -> from emp e, emp m
    -> where e.mgr=m.empno;
+-------+--------+------+-------+-------+
| empno | ename  | mgr  | empno | ename |
+-------+--------+------+-------+-------+
|  7369 | SMITH  | 7902 |  7902 | FORD  |
|  7499 | ALLEN  | 7698 |  7698 | BLAKE |
|  7521 | WARD   | 7698 |  7698 | BLAKE |
|  7566 | JONES  | 7839 |  7839 | KING  |
|  7654 | MARTIN | 7698 |  7698 | BLAKE |
|  7698 | BLAKE  | 7839 |  7839 | KING  |
|  7782 | CLARK  | 7839 |  7839 | KING  |
|  7788 | SCOTT  | 7566 |  7566 | JONES |
|  7844 | TURNER | 7698 |  7698 | BLAKE |
|  7876 | ADAMS  | 7788 |  7788 | SCOTT |
|  7900 | JAMES  | 7698 |  7698 | BLAKE |
|  7902 | FORD   | 7566 |  7566 | JONES |
|  7934 | MILLER | 7782 |  7782 | CLARK |
+-------+--------+------+-------+-------+
13 rows in set (0.00 sec)

mysql>